✔ command bee indexes install on populated reopen and preserve ordered API reads (248.301583ms)
✔ command stop-revive predicate requires a strict true value and exact status and generation (86.41225ms)
✔ command pending predicates preserve statuses, generation rules, null fallback, and future intent (57.24375ms)
✔ model change waits when idle becomes working before command execution (238.286542ms)
✔ model admission folds a delivered turn before refusing without mutation (54.302375ms)
✔ deferred model change does not block other commands and stale generations do not change args (138.10075ms)
✔ model change recovers after executor crash before_effect (115.712084ms)
✔ model change recovers after executor crash after_effect (84.105083ms)
✔ model change resumes after daemon restart between settled stop and observed exit (140.013209ms)
✔ model change defers across real HSR input admission before the turn observation is folded (6403.548375ms)
✔ unit.0: a tick uses bounded batch reads, independent of bee count, re-read only after a write (293.851292ms)
✔ unit.0a: the empty proof skips full snapshots and returns fresh containers without skipping flag expiry (127.096708ms)
✔ unit.0b: a revive command refreshes an initially empty snapshot in the same tick (82.606166ms)
✔ unit.0c: an outer rollback and reused audit sequence cannot preserve an uncommitted snapshot (82.295541ms)
✔ unit.0d: I1 sees stopped-runtime and absent-runtime mail (128.357792ms)
✔ unit.0e: task supply refreshes the snapshot before I1 in the same tick (63.312625ms)
✔ unit.1: scale-to-zero — idle past the window stops with stopped_by_system; send revives (Q4 + Q3) (127.891416ms)
✔ unit.2: scale-to-zero never stops an idle bee with undelivered mail (166.354834ms)
✔ unit.time-boundaries: archived boot hang, idle stop, and I1 remain strict (324.378833ms)
✔ unit.3: flag policy — adapter evidence sets flags and contrary evidence clears them (spec 03) (95.193042ms)
✔ unit.4: pid-at-spawn recording — procOf lands on the booting runtime row (WP2 amendment) (69.685333ms)
✔ unit.5: degraded-runtime policy — mail for a re-adopted runtime rotates the generation (245.829625ms)
✔ unit.6: I1 telemetry — a message undelivered past the deadline is recorded exactly once (70.576ms)
✔ unit.7: I1 telemetry — the clock is suspended while a closed-list flag is active (141.543708ms)
✔ unit.8: continuity (spec 07 §F) — a booted session id is recorded on the bee for the CURRENT generation only; stale/no-bee evidence is skipped (190.277125ms)
✔ budget.5: immediate-exit runtime → bounded revives with backoff, spawn_failed at the budget, no further wakes (474.202333ms)
✔ budget.5auth: pre-init agy auth exits consume the budget and suppress churn (237.710917ms)
✔ budget.5a: prompt-less spawn boot failures still retry to the visible bounded terminal (244.451458ms)
✔ budget.5b: a driver that THROWS from start (cell provisioning failed) is a spawn failure on the B5 table — retried with backoff, spawn_failed at the budget, never a wedged command or a loop error (188.827083ms)
✔ budget.6: an explicit operator revive retries regardless of spawn_failed and clears it on success; the mail then flows (321.149125ms)
✔ budget.7: a runtime that reached running/idle and then crashed is not a spawn failure — revive is immediate and uncounted (187.394041ms)
✔ budget.8 (soak regression): readyAtSpawn instant death — the synthetic booted must NOT reset the budget; exactly maxAttempts generations, backoff, spawn_failed, wakes suppressed (302.21525ms)
✔ budget.9 (I1): a message that never reaches a real runtime violates while the loop retries, and the spawn_failed flag is the legal terminal that suspends the clock (190.478292ms)
✔ budget.9b (I1, idle urgency): pre-fix the churn re-based the idle clock forever — post-fix the bee lands flagged (the 'or the bee is flagged' arm) (186.028458ms)
✔ budget.10: real evidence (the late init a readyAtSpawn harness emits) resets the counter — a generation that spoke and then crashed is a normal post-running crash (1766.506042ms)
✔ budget.11 (end-to-end repro): a REAL readyAtSpawn process that spawns fine, emits zero output and dies ~60ms later — bounded generations over wall time; fixed harness + operator revive recovers (10579.711791ms)
✔ unit.9 (spec 08 swap): a `stop {thenRevive}` command revives the NEXT generation once the runtime is observed stopped — durable, once, and never while a wake is already pending; the account policy hook sees every applied evidence (87.303208ms)
✔ D05 boot command probes avoid full history and keep strict thenRevive and future-wake behavior (128.069625ms)
✔ D05 pending-stop probe treats a future retry as pending and remains a repeated-step no-op (59.356792ms)
✔ unit.10 (spec 08): the onFlagEvidence hook fires after each applied evidence and a throwing hook never stalls the loop (87.078542ms)
✔ runtime policy: a running turn is never stopped because time elapsed (80.999334ms)
✔ recovered completion checkpoints last, preserves output, and unlocks idle mail (58.034458ms)
✔ recovery applies completion followed by a newer turn start in journal order (58.808333ms)
✔ stale-generation recovery observations and cursors cannot touch the current runtime (80.979834ms)
✔ urgency.d1: `idle` is not delivered while the runtime is running — it lands at turn end (79.196208ms)
✔ urgency.d2: `now` mid-turn interrupts exactly once, then delivers at the resulting accept point (137.687542ms)
✔ urgency.d3: `now` to an idle runtime is a plain delivery — no interrupt (52.490208ms)
✔ urgency.d4: ordering — urgency governs WHEN a message is eligible; among eligible, enqueue order wins (89.377125ms)
✔ urgency.d5: `idle` to a stopped bee still revives (revive-on-message unchanged) and delivers once idle (71.234417ms)
✔ urgency.d6: I1 telemetry — an `idle` message's deadline clock starts at eligibility (turn end), not enqueue (50.7885ms)
✔ envelope.d1: bee-sent mail is delivered ENVELOPED; operator mail is delivered bare (77.2475ms)
✔ urgency.d6: idle mail DELIVERS to a synthetic-running fresh revive — no generation churn (2026-08-19 budget.11 discovery) (66.458584ms)
✔ obs.synthetic-turn_ended: a readyAtSpawn boot-to-ready edge idles the store without an output fact; evidence stays synthetic (2026-09-02 swap-revive stall) (94.685292ms)
✔ obs.synthetic-turn_ended with mail waiting: the boot-to-ready edge is skipped (mail_pending) — no one-step idle under a turn about to start (97.356167ms)
✔ unit.flag-expiry: a provider-declared reset lifts resource_blocked at the instant — never before, never by silence (58.32925ms)
ℹ tests 55
ℹ suites 0
ℹ pass 55
ℹ fail 0
ℹ cancelled 0
ℹ skipped 0
ℹ todo 0
ℹ duration_ms 29640.061584
