✔ spawn external-parent validation, mirroring, replay, restart, and delete policy (2184.308666ms)
✔ model change waits when idle becomes working before command execution (51.886333ms)
✔ model admission folds a delivered turn before refusing without mutation (41.787042ms)
✔ deferred model change does not block other commands and stale generations do not change args (56.174458ms)
✔ model change recovers after executor crash before_effect (99.099333ms)
✔ model change recovers after executor crash after_effect (60.101417ms)
✔ model change resumes after daemon restart between settled stop and observed exit (50.742916ms)
✔ model change defers across real HSR input admission before the turn observation is folded (1983.992791ms)
✔ unit.0: a tick uses bounded batch reads, independent of bee count, re-read only after a write (77.973083ms)
✔ unit.0a: the empty proof skips full snapshots and returns fresh containers without skipping flag expiry (21.480333ms)
✔ unit.0b: a revive command refreshes an initially empty snapshot in the same tick (29.845583ms)
✔ unit.0c: an outer rollback and reused audit sequence cannot preserve an uncommitted snapshot (19.96275ms)
✔ unit.0d: I1 sees stopped-runtime and absent-runtime mail (35.092583ms)
✔ unit.0e: task supply refreshes the snapshot before I1 in the same tick (45.731875ms)
✔ unit.1: scale-to-zero — idle past the window stops with stopped_by_system; send revives (Q4 + Q3) (102.218875ms)
✔ unit.2: scale-to-zero never stops an idle bee with undelivered mail (100.30075ms)
✔ unit.time-boundaries: archived boot hang, idle stop, and I1 remain strict (277.868875ms)
✔ unit.3: flag policy — adapter evidence sets flags and contrary evidence clears them (spec 03) (156.492417ms)
✔ unit.4: pid-at-spawn recording — procOf lands on the booting runtime row (WP2 amendment) (66.560708ms)
✔ unit.5: degraded-runtime policy — mail for a re-adopted runtime rotates the generation (74.315292ms)
✔ unit.6: I1 telemetry — a message undelivered past the deadline is recorded exactly once (106.559916ms)
✔ unit.7: I1 telemetry — the clock is suspended while a closed-list flag is active (77.074ms)
✔ unit.8: continuity (spec 07 §F) — a booted session id is recorded on the bee for the CURRENT generation only; stale/no-bee evidence is skipped (58.140709ms)
✔ budget.5: immediate-exit runtime → bounded revives with backoff, spawn_failed at the budget, no further wakes (75.526083ms)
✔ budget.5auth: pre-init agy auth exits consume the budget and suppress churn (101.484917ms)
✔ budget.5a: prompt-less spawn boot failures still retry to the visible bounded terminal (32.62ms)
✔ budget.5b: a driver that THROWS from start (cell provisioning failed) is a spawn failure on the B5 table — retried with backoff, spawn_failed at the budget, never a wedged command or a loop error (83.7715ms)
✔ budget.6: an explicit operator revive retries regardless of spawn_failed and clears it on success; the mail then flows (99.073291ms)
✔ budget.7: a runtime that reached running/idle and then crashed is not a spawn failure — revive is immediate and uncounted (110.688792ms)
✔ budget.8 (soak regression): readyAtSpawn instant death — the synthetic booted must NOT reset the budget; exactly maxAttempts generations, backoff, spawn_failed, wakes suppressed (82.139917ms)
✔ budget.9 (I1): a message that never reaches a real runtime violates while the loop retries, and the spawn_failed flag is the legal terminal that suspends the clock (49.072ms)
✔ budget.9b (I1, idle urgency): pre-fix the churn re-based the idle clock forever — post-fix the bee lands flagged (the 'or the bee is flagged' arm) (53.806291ms)
✔ budget.10: real evidence (the late init a readyAtSpawn harness emits) resets the counter — a generation that spoke and then crashed is a normal post-running crash (267.591875ms)
✔ budget.11 (end-to-end repro): a REAL readyAtSpawn process that spawns fine, emits zero output and dies ~60ms later — bounded generations over wall time; fixed harness + operator revive recovers (3298.822541ms)
✔ unit.9 (spec 08 swap): a `stop {thenRevive}` command revives the NEXT generation once the runtime is observed stopped — durable, once, and never while a wake is already pending; the account policy hook sees every applied evidence (53.659333ms)
✔ unit.10 (spec 08): the onFlagEvidence hook fires after each applied evidence and a throwing hook never stalls the loop (20.778292ms)
✔ runtime policy: a running turn is never stopped because time elapsed (15.937875ms)
✔ recovered completion checkpoints last, preserves output, and unlocks idle mail (33.497542ms)
✔ recovery applies completion followed by a newer turn start in journal order (24.79675ms)
✔ stale-generation recovery observations and cursors cannot touch the current runtime (22.857458ms)
✔ urgency.d1: `idle` is not delivered while the runtime is running — it lands at turn end (28.553958ms)
✔ urgency.d2: `now` mid-turn interrupts exactly once, then delivers at the resulting accept point (34.571333ms)
✔ urgency.d3: `now` to an idle runtime is a plain delivery — no interrupt (30.189875ms)
✔ urgency.d4: ordering — urgency governs WHEN a message is eligible; among eligible, enqueue order wins (35.589292ms)
✔ urgency.d5: `idle` to a stopped bee still revives (revive-on-message unchanged) and delivers once idle (44.096583ms)
✔ urgency.d6: I1 telemetry — an `idle` message's deadline clock starts at eligibility (turn end), not enqueue (58.507833ms)
✔ envelope.d1: bee-sent mail is delivered ENVELOPED; operator mail is delivered bare (44.228333ms)
✔ urgency.d6: idle mail DELIVERS to a synthetic-running fresh revive — no generation churn (2026-08-19 budget.11 discovery) (36.190292ms)
✔ obs.synthetic-turn_ended: a readyAtSpawn boot-to-ready edge idles the store without an output fact; evidence stays synthetic (2026-09-02 swap-revive stall) (71.510583ms)
✔ obs.synthetic-turn_ended with mail waiting: the boot-to-ready edge is skipped (mail_pending) — no one-step idle under a turn about to start (39.79425ms)
✔ unit.flag-expiry: a provider-declared reset lifts resource_blocked at the instant — never before, never by silence (30.808417ms)
ℹ tests 51
ℹ suites 0
ℹ pass 51
ℹ fail 0
ℹ cancelled 0
ℹ skipped 0
ℹ todo 0
ℹ duration_ms 12891.079458
