✔ model change waits when idle becomes working before command execution (8.179ms)
✔ model admission folds a delivered turn before refusing without mutation (3.60375ms)
✔ deferred model change does not block other commands and stale generations do not change args (4.336541ms)
✔ model change recovers after executor crash before_effect (4.654542ms)
✔ model change recovers after executor crash after_effect (4.779833ms)
✔ model change resumes after daemon restart between settled stop and observed exit (4.723167ms)
✔ model change defers across real HSR input admission before the turn observation is folded (384.422375ms)
✔ unit.0: a tick uses bounded batch reads, independent of bee count, re-read only after a write (8.753958ms)
✔ unit.0a: the empty proof skips full snapshots and returns fresh containers without skipping flag expiry (3.890416ms)
✔ unit.0a-disabled: an I1-disabled empty proof carries null instead of an unused array (2.617209ms)
✔ unit.0b: a revive command refreshes an initially empty snapshot in the same tick (3.173709ms)
✔ unit.0c: an outer rollback and reused audit sequence cannot preserve an uncommitted snapshot (2.795042ms)
✔ unit.0d: I1 sees stopped-runtime and absent-runtime mail (4.106958ms)
✔ unit.0e: task supply refreshes the snapshot before I1 in the same tick (3.374291ms)
✔ unit.0f: fresh final I1 re-ranks the queue after delivery (3.526833ms)
✔ unit.0g: linear I1 metadata matches the full-snapshot oracle exactly (4.053417ms)
✔ unit.0i: same-tick I1 reuse cannot cross an outer rollback and reused audit sequence (2.873166ms)
✔ unit.1: scale-to-zero — idle past the window stops with stopped_by_system; send revives (Q4 + Q3) (4.10625ms)
✔ unit.2: scale-to-zero never stops an idle bee with undelivered mail (3.792708ms)
✔ unit.0h: delivery hydrates bodies only for the selected target (4.151875ms)
✔ unit.time-boundaries: archived boot hang, idle stop, and I1 remain strict (8.320583ms)
✔ unit.3: flag policy — adapter evidence sets flags and contrary evidence clears them (spec 03) (2.984083ms)
✔ unit.4: pid-at-spawn recording — procOf lands on the booting runtime row (WP2 amendment) (2.50075ms)
✔ unit.5: degraded-runtime policy — mail for a re-adopted runtime rotates the generation (3.901625ms)
✔ unit.6: I1 telemetry — a message undelivered past the deadline is recorded exactly once (2.98725ms)
✔ unit.7: I1 telemetry — the clock is suspended while a closed-list flag is active (3.061958ms)
✔ unit.8: continuity (spec 07 §F) — a booted session id is recorded on the bee for the CURRENT generation only; stale/no-bee evidence is skipped (3.694958ms)
✔ budget.5: immediate-exit runtime → bounded revives with backoff, spawn_failed at the budget, no further wakes (6.106542ms)
✔ budget.5auth: pre-init agy auth exits consume the budget and suppress churn (6.967791ms)
✔ budget.5a: prompt-less spawn boot failures still retry to the visible bounded terminal (4.464125ms)
✔ budget.5b: a driver that THROWS from start (cell provisioning failed) is a spawn failure on the B5 table — retried with backoff, spawn_failed at the budget, never a wedged command or a loop error (4.942834ms)
✔ budget.6: an explicit operator revive retries regardless of spawn_failed and clears it on success; the mail then flows (7.000375ms)
✔ budget.7: a runtime that reached running/idle and then crashed is not a spawn failure — revive is immediate and uncounted (5.955584ms)
✔ budget.8 (soak regression): readyAtSpawn instant death — the synthetic booted must NOT reset the budget; exactly maxAttempts generations, backoff, spawn_failed, wakes suppressed (6.755292ms)
✔ budget.9 (I1): a message that never reaches a real runtime violates while the loop retries, and the spawn_failed flag is the legal terminal that suspends the clock (5.31525ms)
✔ budget.9b (I1, idle urgency): pre-fix the churn re-based the idle clock forever — post-fix the bee lands flagged (the 'or the bee is flagged' arm) (4.98525ms)
✔ budget.10: real evidence (the late init a readyAtSpawn harness emits) resets the counter — a generation that spoke and then crashed is a normal post-running crash (20.823ms)
✔ budget.11 (end-to-end repro): a REAL readyAtSpawn process that spawns fine, emits zero output and dies ~60ms later — bounded generations over wall time; fixed harness + operator revive recovers (1034.287333ms)
✔ unit.9 (spec 08 swap): a `stop {thenRevive}` command revives the NEXT generation once the runtime is observed stopped — durable, once, and never while a wake is already pending; the account policy hook sees every applied evidence (10.484083ms)
✔ unit.10 (spec 08): the onFlagEvidence hook fires after each applied evidence and a throwing hook never stalls the loop (4.760667ms)
✔ runtime policy: a running turn is never stopped because time elapsed (4.347916ms)
✔ recovered completion checkpoints last, preserves output, and unlocks idle mail (4.671542ms)
✔ recovery applies completion followed by a newer turn start in journal order (3.920875ms)
✔ stale-generation recovery observations and cursors cannot touch the current runtime (3.740417ms)
✔ urgency.d1: `idle` is not delivered while the runtime is running — it lands at turn end (3.809291ms)
✔ urgency.d2: `now` mid-turn interrupts exactly once, then delivers at the resulting accept point (3.53475ms)
✔ urgency.d3: `now` to an idle runtime is a plain delivery — no interrupt (3.095875ms)
✔ urgency.d4: ordering — urgency governs WHEN a message is eligible; among eligible, enqueue order wins (3.730792ms)
✔ urgency.d5: `idle` to a stopped bee still revives (revive-on-message unchanged) and delivers once idle (6.095834ms)
✔ urgency.d6: I1 telemetry — an `idle` message's deadline clock starts at eligibility (turn end), not enqueue (6.768417ms)
✔ envelope.d1: bee-sent mail is delivered ENVELOPED; operator mail is delivered bare (3.176708ms)
✔ urgency.d6: idle mail DELIVERS to a synthetic-running fresh revive — no generation churn (2026-08-19 budget.11 discovery) (3.5175ms)
✔ obs.synthetic-turn_ended: a readyAtSpawn boot-to-ready edge idles the store without an output fact; evidence stays synthetic (2026-09-02 swap-revive stall) (3.900042ms)
✔ obs.synthetic-turn_ended with mail waiting: the boot-to-ready edge is skipped (mail_pending) — no one-step idle under a turn about to start (3.739334ms)
✔ unit.flag-expiry: a provider-declared reset lifts resource_blocked at the instant — never before, never by silence (3.184958ms)
✔ z01.a: an outer rollback never loses dedup state and a committed clear follows (4.335875ms)
✔ z01.b: a live-runtime hive with zero pending still clears (mail-only probe) (3.063875ms)
✔ z01.c: with I1 disabled an interrupted-then-canceled id is cleared without hydration (3.106708ms)
✔ z01.d: stopped-target pending mail is retained until the bee is deleted (2.705167ms)
ℹ tests 59
ℹ suites 0
ℹ pass 59
ℹ fail 0
ℹ cancelled 0
ℹ skipped 0
ℹ todo 0
ℹ duration_ms 1783.977542
