Measuring d05-boot-recovery-0-false
Measuring d05-boot-recovery-1000-false
Measuring d05-boot-recovery-100000-false
Measuring d05-pending-stop-0-true
Measuring d05-pending-stop-1000-true
Measuring d05-pending-stop-100000-true
Measuring c07-flag-expiry-100000-1000
Measuring c09-held-idle-64
Measuring c09-stopped-pending-64
Measuring c09-pending-page-64
Measuring c09-held-idle-1048576
Measuring c09-stopped-pending-1048576
Measuring c09-pending-page-1048576
Measuring c10-full-100000-100000-0
Measuring c10-sparse-100020-20-100000
Measuring c22-enabled-empty-0
Measuring c22-enabled-empty-100
Measuring c22-enabled-empty-1000
Measuring c22-enabled-paused-100
Measuring c22-enabled-paused-1000
Measuring c25-audit-tail-1000000-20
Measuring c18-rpc-hit-10000
Measuring c18-rpc-insert-10000-9981-19
Measuring c18-rpc-eviction-10000-10000-19
/private/tmp/honeybee-perf-5763a6c9-20260907/evidence/mini-c25-read-control.json
