✔ shared no-tags clone keeps tag-only objects available by OID through its alternate (123.759667ms)
✔ packed source tags do not change clean merge, checkout-conflict, or rebase capture semantics (2148.047292ms)
✔ parity: clean merges, attributes, renames, modes, gitlinks, conflicts, case collisions, and forced fallback (5555.555375ms)
✔ capture.branch-create: cell work lands as a new branch; only that branch appears (193.785042ms)
✔ capture.fast-forward: existing target advances by CAS (155.496041ms)
✔ capture.merge: diverged target gets a merge commit; origin worktree untouched (291.567708ms)
✔ capture.rebase: cell commits replay onto the target tip (254.032ms)
✔ capture.rebase: work already on the target in rewritten form reports nothing_to_capture (267.387833ms)
✔ capture.conflict: structured report, origin ref-set bit-identical, transient ref gone (413.301834ms)
✔ capture.refusals: checked-out target, moved target, nothing to capture (219.484ms)
✔ cell-driver.roundtrip: start provisions the cell, runtime runs in the space, full turn cycle (376.470167ms)
✔ cell-driver.background: start returns before provisioning and later boots from the durable ledger (265.128375ms)
✔ cell-driver.background: first Cell ensures the image before boot and the next Cell stays hot (726.898ms)
✔ cell-driver.background: satellites do not build the workstation-local Git image (301.727792ms)
✔ cell-driver.background: worker exit without a result becomes a boot failure (75.294166ms)
✔ cell-driver.exit-path: work committed in the live cell captures out; removeCell guards (304.641667ms)
✔ cell-driver.restart-hydration: a fresh driver re-hydrates cells from cell.json (capture + delete work) (296.174542ms)
✔ cell-driver.reserved-only: a cell reserved (seed ledger) but never started removes outright; sessions delegate; typed live-runtime refusal (210.076ms)
✔ cell-driver.sandboxed: per-cell override ON wraps the spawn in Seatbelt; the turn still works (darwin) (419.047333ms)
✔ cell-driver.workstation-default: sandbox stays OFF without an override (A4) (242.046292ms)
✔ cell-driver.account-home: the bee resolver adds one exact sandbox grant and ignores harness env (108.197125ms)
✔ cell-driver.restart: a successor daemon re-adopts a live cell runtime from the ledger at full capability (585.492042ms)
✔ exec.cwd: relative-only and realpath containment rejects a symlink out of the space (1.6915ms)
✔ exec.cap: incomplete tail is dropped, complete multibyte suffix is kept (0.198208ms)
✔ exec.cap: split multibyte chunks reassemble; malformed replacement stays within 1MiB (13.423542ms)
✔ exec.cap: stdout and stderr share one 1MiB budget (25.238542ms)
✔ exec.spawn: an onSpawned failure terminates and reaps the process (2.757333ms)
✔ exec.spawn: argv spawn errors reject with their cause (0.806333ms)
✔ exec.timeout: SIGTERM-ignoring child is SIGKILL-reaped before resolve (1512.416167ms)
✔ git-image.refresh: publishes one validated pack-only generation without mutating the origin (175.52825ms)
✔ git-image.provision: hot Cell copies the compact image, not origin metadata (178.368834ms)
✔ git-image.provision: fresh config avoids config subprocesses and preserves init semantics (399.718625ms)
✔ git-image.provision: large template config uses Git's writer (160.060292ms)
✔ git-image.provision: Git fallback preserves control paths and replaces template safety keys (175.249875ms)
✔ git-image.provision: symlinked template config retains Git's update behavior (151.967583ms)
✔ git-image.materialize: template multivalue and config lock remain cache misses (224.126875ms)
✔ git-image.provision: preserves absent, same, and rewritten split remotes (460.808084ms)
✔ git-image.provision: the first Cell builds an image in its worker and uses it (148.473083ms)
✔ git-image.refresh: first generation CoW-seeds origin packs and packs only the loose delta (166.667125ms)
✔ git-image.provision: a stale image is incrementally extended before checkout (284.20425ms)
✔ git-image.corruption: malformed publication is rebuilt before Cell placement (213.352792ms)
✔ git-image.policy: an existing image is ignored when the node policy disables local images (123.617083ms)
✔ git-image.lock: a provisioning contender waits for publication, then extends the image (429.091583ms)
✔ git-image.lock: live builder is single-flight and a stale lock is recovered (263.999667ms)
✔ provision-worker: a fresh image hit exits after ready without maintenance Git children (181.938541ms)
✔ provision-worker: a replayed ledger rebuilds a missing image after maintenance starts (365.800625ms)
✔ provision-worker: an incomplete image operation keeps maintenance after replay resumes (350.920334ms)
✔ provision-worker: image failure fallback keeps the deferred retry (298.529334ms)
✔ provision-worker: provisioning errors stay failed and do not enter maintenance (65.222ms)
✔ provision.cow: CoW path places .git, records copy_mode=cow, hygiene applied (146.131916ms)
✔ provision.clone: fallback places a fresh .git, records copy_mode=clone, needs no hygiene (71.422667ms)
✔ provision.layout: wrapper/space/box shape and clean space checkout (62.688541ms)
✔ provision.replay: interrupted provisioning (partial space, no recorded step) replays idempotently (67.862667ms)
✔ provision.replay: mismatched bee/sha refuses instead of clobbering (56.563875ms)
✔ provision.warm: CoW copy-in of listed artifact dirs (A5) (140.911125ms)
✔ provision.warm: no CoW → cold, no fallback copy (the A5 ruling) (57.279ms)
✔ provision.warm: nothing listed → cold(none_listed), default off (56.404916ms)
✔ provision.reserve: reserveCell writes the seed ledger (origin/sha/warm/sandbox, no operations); provisionCell then provisions against it; the inverse (provisionRequestOf) round-trips; mismatches refuse (56.903458ms)
✔ delete.clean: a pristine cell deletes without force (74.217875ms)
✔ delete.dirty-uncommitted: refuses without force; force deletes (A2) (78.118542ms)
✔ delete.dirty-unpushed: commits the origin never saw refuse; captured work deletes clean (173.211458ms)
✔ delete.origin-gone: unknown origin counts as dirty (refuse without force) (99.252959ms)
✔ delete.shape: refuses anything that is not a -space- shaped cell wrapper (30.852208ms)
✔ delete.half-provisioned: a wrapper whose space has no .git deletes fine (30.80475ms)
✔ sandbox.defaults: workstation OFF, satellite ON, cloud OFF (A4) (0.292625ms)
✔ sandbox.override: per-cell override beats the node-kind default (0.049958ms)
✔ sandbox.profile: Seatbelt profile confines writes to cell + harness paths, allows the rest (29.812375ms)
✔ sandbox.bwrap: argv is read-only root + rw cell/harness binds + net (pure, all platforms) (0.122042ms)
✔ sandbox.account-home: bwrap grants the exact bound home, never its parent or a sibling (1.317417ms)
✔ sandbox.account-home validation rejects relative, missing, root, OS-home, and broad symlink targets (0.948625ms)
✔ sandbox.wrap: platform dispatch (darwin sandbox-exec -f, linux bwrap, other throws) (0.122083ms)
✔ sandbox.seatbelt-real: sandbox-exec confines writes to the cell (darwin) (21.080625ms)
﹣ sandbox.bwrap-real: bwrap confines writes to the cell (linux — metal-3 gate) (0.071125ms) # SKIP
ℹ tests 73
ℹ suites 0
ℹ pass 72
ℹ fail 0
ℹ cancelled 0
ℹ skipped 1
ℹ todo 0
ℹ duration_ms 21915.053709
