{"command": ["node", "--test", "--test-concurrency=1", "v2/driver-cell/tests/capture-tree-parity.test.ts", "v2/driver-cell/tests/capture.test.ts", "v2/driver-cell/tests/driver.test.ts", "v2/driver-cell/tests/exec.test.ts", "v2/driver-cell/tests/git-image.test.ts", "v2/driver-cell/tests/provision-worker.test.ts", "v2/driver-cell/tests/provision.test.ts", "v2/driver-cell/tests/remove.test.ts", "v2/driver-cell/tests/sandbox.test.ts"], "driverTestSha256": "beb0b722378d26068302f9e237ce2ee4038d749b89e4741fc9b4cb3d2b894047"}
✔ parity: clean merges, attributes, renames, modes, gitlinks, conflicts, case collisions, and forced fallback (5669.160792ms)
✔ capture.branch-create: cell work lands as a new branch; only that branch appears (196.658584ms)
✔ capture.fast-forward: existing target advances by CAS (158.097625ms)
✔ capture.merge: diverged target gets a merge commit; origin worktree untouched (302.423125ms)
✔ capture.rebase: cell commits replay onto the target tip (258.449833ms)
✔ capture.rebase: work already on the target in rewritten form reports nothing_to_capture (271.89775ms)
✔ capture.conflict: structured report, origin ref-set bit-identical, transient ref gone (421.772ms)
✔ capture.refusals: checked-out target, moved target, nothing to capture (221.424375ms)
✔ cell-driver.roundtrip: start provisions the cell, runtime runs in the space, full turn cycle (375.829208ms)
✔ cell-driver.background: start returns before provisioning and later boots from the durable ledger (270.920292ms)
✔ cell-driver.background: first Cell ensures the image before boot and the next Cell stays hot (713.061083ms)
✔ cell-driver.background: satellites do not build the workstation-local Git image (303.968084ms)
✔ cell-driver.background: worker exit without a result becomes a boot failure (76.289666ms)
✔ cell-driver.exit-path: work committed in the live cell captures out; removeCell guards (299.713209ms)
✔ cell-driver.restart-hydration: a fresh driver re-hydrates cells from cell.json (capture + delete work) (295.192ms)
✔ cell-driver.reserved-only: a cell reserved (seed ledger) but never started removes outright; sessions delegate; typed live-runtime refusal (207.225167ms)
✔ cell-driver.sandboxed: per-cell override ON wraps the spawn in Seatbelt; the turn still works (darwin) (421.077083ms)
✔ cell-driver.workstation-default: sandbox stays OFF without an override (A4) (242.411958ms)
✔ cell-driver.account-home: the bee resolver adds one exact sandbox grant and ignores harness env (104.8745ms)
✔ cell-driver.restart: a successor daemon re-adopts a live cell runtime from the ledger at full capability (584.073417ms)
✔ exec.cwd: relative-only and realpath containment rejects a symlink out of the space (1.744125ms)
✔ exec.cap: incomplete tail is dropped, complete multibyte suffix is kept (0.202041ms)
✔ exec.cap: split multibyte chunks reassemble; malformed replacement stays within 1MiB (13.620208ms)
✔ exec.cap: stdout and stderr share one 1MiB budget (24.249292ms)
✔ exec.spawn: an onSpawned failure terminates and reaps the process (2.712333ms)
✔ exec.spawn: argv spawn errors reject with their cause (0.767416ms)
✔ exec.timeout: SIGTERM-ignoring child is SIGKILL-reaped before resolve (1513.576583ms)
✔ git-image.refresh: publishes one validated pack-only generation without mutating the origin (177.301791ms)
✔ git-image.provision: hot Cell copies the compact image, not origin metadata (178.833792ms)
✔ git-image.provision: fresh config avoids config subprocesses and preserves init semantics (377.105292ms)
✔ git-image.provision: large template config uses Git's writer (162.159583ms)
✔ git-image.provision: Git fallback preserves control paths and replaces template safety keys (179.07875ms)
✔ git-image.provision: symlinked template config retains Git's update behavior (155.371791ms)
✔ git-image.materialize: template multivalue and config lock remain cache misses (229.215ms)
✔ git-image.provision: preserves absent, same, and rewritten split remotes (474.722042ms)
✔ git-image.provision: the first Cell builds an image in its worker and uses it (160.702292ms)
✔ git-image.refresh: first generation CoW-seeds origin packs and packs only the loose delta (176.762875ms)
✔ git-image.provision: a stale image is incrementally extended before checkout (292.877958ms)
✔ git-image.corruption: malformed publication is rebuilt before Cell placement (216.565417ms)
✔ git-image.policy: an existing image is ignored when the node policy disables local images (125.887167ms)
✔ git-image.lock: a provisioning contender waits for publication, then extends the image (436.281875ms)
✔ git-image.lock: live builder is single-flight and a stale lock is recovered (272.034458ms)
✔ provision-worker: a fresh image hit exits after ready without maintenance Git children (187.509333ms)
✔ provision-worker: a replayed ledger rebuilds a missing image after maintenance starts (370.80675ms)
✔ provision-worker: an incomplete image operation keeps maintenance after replay resumes (365.164458ms)
✔ provision-worker: image failure fallback keeps the deferred retry (300.214ms)
✔ provision-worker: provisioning errors stay failed and do not enter maintenance (65.763792ms)
✔ provision.cow: CoW path places .git, records copy_mode=cow, hygiene applied (150.340292ms)
✔ provision.clone: fallback places a fresh .git, records copy_mode=clone, needs no hygiene (73.381208ms)
✔ provision.layout: wrapper/space/box shape and clean space checkout (63.8785ms)
✔ provision.replay: interrupted provisioning (partial space, no recorded step) replays idempotently (69.940625ms)
✔ provision.replay: mismatched bee/sha refuses instead of clobbering (58.559958ms)
✔ provision.warm: CoW copy-in of listed artifact dirs (A5) (143.518916ms)
✔ provision.warm: no CoW → cold, no fallback copy (the A5 ruling) (58.514292ms)
✔ provision.warm: nothing listed → cold(none_listed), default off (58.203375ms)
✔ provision.reserve: reserveCell writes the seed ledger (origin/sha/warm/sandbox, no operations); provisionCell then provisions against it; the inverse (provisionRequestOf) round-trips; mismatches refuse (58.8175ms)
✔ delete.clean: a pristine cell deletes without force (75.521583ms)
✔ delete.dirty-uncommitted: refuses without force; force deletes (A2) (85.899583ms)
✔ delete.dirty-unpushed: commits the origin never saw refuse; captured work deletes clean (175.893708ms)
✔ delete.origin-gone: unknown origin counts as dirty (refuse without force) (101.3635ms)
✔ delete.shape: refuses anything that is not a -space- shaped cell wrapper (32.066833ms)
✔ delete.half-provisioned: a wrapper whose space has no .git deletes fine (31.563708ms)
✔ sandbox.defaults: workstation OFF, satellite ON, cloud OFF (A4) (0.300167ms)
✔ sandbox.override: per-cell override beats the node-kind default (0.051125ms)
✔ sandbox.profile: Seatbelt profile confines writes to cell + harness paths, allows the rest (31.246375ms)
✔ sandbox.bwrap: argv is read-only root + rw cell/harness binds + net (pure, all platforms) (0.100209ms)
✔ sandbox.account-home: bwrap grants the exact bound home, never its parent or a sibling (0.984208ms)
✔ sandbox.account-home validation rejects relative, missing, root, OS-home, and broad symlink targets (0.966958ms)
✔ sandbox.wrap: platform dispatch (darwin sandbox-exec -f, linux bwrap, other throws) (0.119208ms)
✔ sandbox.seatbelt-real: sandbox-exec confines writes to the cell (darwin) (21.084917ms)
﹣ sandbox.bwrap-real: bwrap confines writes to the cell (linux — metal-3 gate) (0.077333ms) # SKIP
ℹ tests 71
ℹ suites 0
ℹ pass 70
ℹ fail 0
ℹ cancelled 0
ℹ skipped 1
ℹ todo 0
ℹ duration_ms 19837.415833
