node:internal/modules/run_main:107
    triggerUncaughtException(
    ^

AssertionError [ERR_ASSERTION]: Expected values to be strictly equal:
+ actual - expected

+ '?? node_modules'
- ''

    at fingerprint (file:///private/tmp/honeybee-perf-5763a6c9-20260907/honeybee-stop-recovery-tradeoff.mjs:16:33)
    at Array.map (<anonymous>)
    at file:///private/tmp/honeybee-perf-5763a6c9-20260907/honeybee-stop-recovery-tradeoff.mjs:17:21
    at ModuleJob.run (node:internal/modules/esm/module_job:439:25)
    at async node:internal/modules/esm/loader:643:26
    at async asyncRunEntryPointWithESMLoader (node:internal/modules/run_main:101:5) {
  generatedMessage: true,
  code: 'ERR_ASSERTION',
  actual: '?? node_modules',
  expected: '',
  operator: 'strictEqual',
  diff: 'simple'
}

Node.js v24.18.0
