✔ model change waits when idle becomes working before command execution (7.642209ms)
✔ model admission folds a delivered turn before refusing without mutation (3.498375ms)
✔ deferred model change does not block other commands and stale generations do not change args (4.228625ms)
✔ model change recovers after executor crash before_effect (4.474042ms)
✔ model change recovers after executor crash after_effect (4.5695ms)
✔ model change resumes after daemon restart between settled stop and observed exit (4.343166ms)
✔ model change defers across real HSR input admission before the turn observation is folded (384.759458ms)
✔ unit.0: a tick uses bounded batch reads, independent of bee count, re-read only after a write (8.427708ms)
✔ unit.0a: the empty proof skips full snapshots and returns fresh containers without skipping flag expiry (3.682416ms)
✔ unit.0a-disabled: an I1-disabled empty proof carries null instead of an unused array (2.483834ms)
✔ unit.0b: a revive command refreshes an initially empty snapshot in the same tick (3.289375ms)
✔ unit.0c: an outer rollback and reused audit sequence cannot preserve an uncommitted snapshot (3.092666ms)
✔ unit.0d: I1 sees stopped-runtime and absent-runtime mail (4.12125ms)
✔ unit.0e: task supply refreshes the snapshot before I1 in the same tick (3.410834ms)
✔ unit.0f: fresh final I1 re-ranks the queue after delivery (3.0625ms)
✔ unit.0g: linear I1 metadata matches the full-snapshot oracle exactly (3.880917ms)
✔ unit.0i: same-tick I1 reuse cannot cross an outer rollback and reused audit sequence (2.671958ms)
✔ unit.1: scale-to-zero — idle past the window stops with stopped_by_system; send revives (Q4 + Q3) (3.751125ms)
✔ unit.2: scale-to-zero never stops an idle bee with undelivered mail (3.158541ms)
✔ unit.0h: delivery hydrates bodies only for the selected target (3.900792ms)
✔ unit.time-boundaries: archived boot hang, idle stop, and I1 remain strict (7.917125ms)
✔ unit.3: flag policy — adapter evidence sets flags and contrary evidence clears them (spec 03) (2.817375ms)
✔ unit.4: pid-at-spawn recording — procOf lands on the booting runtime row (WP2 amendment) (2.442ms)
✔ unit.5: degraded-runtime policy — mail for a re-adopted runtime rotates the generation (3.736375ms)
✔ unit.6: I1 telemetry — a message undelivered past the deadline is recorded exactly once (2.802875ms)
✔ unit.7: I1 telemetry — the clock is suspended while a closed-list flag is active (2.858875ms)
✔ unit.8: continuity (spec 07 §F) — a booted session id is recorded on the bee for the CURRENT generation only; stale/no-bee evidence is skipped (6.601584ms)
✔ budget.5: immediate-exit runtime → bounded revives with backoff, spawn_failed at the budget, no further wakes (10.011041ms)
✔ budget.5auth: pre-init agy auth exits consume the budget and suppress churn (6.76975ms)
✔ budget.5a: prompt-less spawn boot failures still retry to the visible bounded terminal (4.244583ms)
✔ budget.5b: a driver that THROWS from start (cell provisioning failed) is a spawn failure on the B5 table — retried with backoff, spawn_failed at the budget, never a wedged command or a loop error (4.675625ms)
✔ budget.6: an explicit operator revive retries regardless of spawn_failed and clears it on success; the mail then flows (6.726542ms)
✔ budget.7: a runtime that reached running/idle and then crashed is not a spawn failure — revive is immediate and uncounted (5.739791ms)
✔ budget.8 (soak regression): readyAtSpawn instant death — the synthetic booted must NOT reset the budget; exactly maxAttempts generations, backoff, spawn_failed, wakes suppressed (6.50425ms)
✔ budget.9 (I1): a message that never reaches a real runtime violates while the loop retries, and the spawn_failed flag is the legal terminal that suspends the clock (4.955792ms)
✔ budget.9b (I1, idle urgency): pre-fix the churn re-based the idle clock forever — post-fix the bee lands flagged (the 'or the bee is flagged' arm) (5.051375ms)
✔ budget.10: real evidence (the late init a readyAtSpawn harness emits) resets the counter — a generation that spoke and then crashed is a normal post-running crash (19.79725ms)
✔ budget.11 (end-to-end repro): a REAL readyAtSpawn process that spawns fine, emits zero output and dies ~60ms later — bounded generations over wall time; fixed harness + operator revive recovers (1035.75525ms)
✔ unit.9 (spec 08 swap): a `stop {thenRevive}` command revives the NEXT generation once the runtime is observed stopped — durable, once, and never while a wake is already pending; the account policy hook sees every applied evidence (9.663041ms)
✔ unit.10 (spec 08): the onFlagEvidence hook fires after each applied evidence and a throwing hook never stalls the loop (4.516875ms)
✔ runtime policy: a running turn is never stopped because time elapsed (4.006084ms)
✔ recovered completion checkpoints last, preserves output, and unlocks idle mail (4.451375ms)
✔ recovery applies completion followed by a newer turn start in journal order (3.786125ms)
✔ stale-generation recovery observations and cursors cannot touch the current runtime (3.566541ms)
✔ urgency.d1: `idle` is not delivered while the runtime is running — it lands at turn end (3.597083ms)
✔ urgency.d2: `now` mid-turn interrupts exactly once, then delivers at the resulting accept point (3.469334ms)
✔ urgency.d3: `now` to an idle runtime is a plain delivery — no interrupt (3.035792ms)
✔ urgency.d4: ordering — urgency governs WHEN a message is eligible; among eligible, enqueue order wins (3.651333ms)
✔ urgency.d5: `idle` to a stopped bee still revives (revive-on-message unchanged) and delivers once idle (3.732375ms)
✔ urgency.d6: I1 telemetry — an `idle` message's deadline clock starts at eligibility (turn end), not enqueue (2.97325ms)
✔ envelope.d1: bee-sent mail is delivered ENVELOPED; operator mail is delivered bare (2.873459ms)
✔ urgency.d6: idle mail DELIVERS to a synthetic-running fresh revive — no generation churn (2026-08-19 budget.11 discovery) (3.473958ms)
✔ obs.synthetic-turn_ended: a readyAtSpawn boot-to-ready edge idles the store without an output fact; evidence stays synthetic (2026-09-02 swap-revive stall) (3.811583ms)
✔ obs.synthetic-turn_ended with mail waiting: the boot-to-ready edge is skipped (mail_pending) — no one-step idle under a turn about to start (4.284666ms)
✔ unit.flag-expiry: a provider-declared reset lifts resource_blocked at the instant — never before, never by silence (3.260208ms)
✔ z01.a: an outer rollback never loses dedup state and a committed clear follows (3.729125ms)
✔ z01.b: a live-runtime hive with zero pending still clears (mail-only probe) (2.964208ms)
✔ z01.c: with I1 disabled an interrupted-then-canceled id is cleared without hydration (3.015584ms)
✔ z01.d: stopped-target pending mail is retained until the bee is deleted (2.634166ms)
✔ z01.e: a permanent >1024 backlog sweeps on growth or cadence only, retaining stopped and absent pending (272.808792ms)
✔ z01.f: the I1-disabled sweep probes tracked ids in bounded chunks, never all pending (12.132375ms)
✔ z01.g: an outer rollback never lets the sweep forget, and the terminal id prunes once committed (68.0295ms)
✔ z01.h: retained now-mail stays deduped across revive and cadence sweeps (12.712792ms)
✔ z01.i: a reentrant onI1Violation step cannot make the outer sweep erase live dedup ids (207.269667ms)
ℹ tests 64
ℹ suites 0
ℹ pass 64
ℹ fail 0
ℹ cancelled 0
ℹ skipped 0
ℹ todo 0
ℹ duration_ms 2352.685375
