✔ shared no-tags clone keeps tag-only objects available by OID through its alternate (124.165958ms)
✔ packed source tags do not change clean merge, checkout-conflict, or rebase capture semantics (2189.956875ms)
✔ parity: clean merges, attributes, renames, modes, gitlinks, conflicts, case collisions, and forced fallback (5577.059292ms)
✔ capture.branch-create: cell work lands as a new branch; only that branch appears (194.642542ms)
✔ capture.fast-forward: existing target advances by CAS (155.552458ms)
✔ capture.merge: diverged target gets a merge commit; origin worktree untouched (294.148709ms)
✔ capture.rebase: cell commits replay onto the target tip (251.189667ms)
✔ capture.rebase: work already on the target in rewritten form reports nothing_to_capture (268.197208ms)
✔ capture.conflict: structured report, origin ref-set bit-identical, transient ref gone (411.603084ms)
✔ capture.refusals: checked-out target, moved target, nothing to capture (216.121542ms)
✔ cell-driver.roundtrip: start provisions the cell, runtime runs in the space, full turn cycle (384.328708ms)
✔ cell-driver.background: start returns before provisioning and later boots from the durable ledger (263.340834ms)
✔ cell-driver.background: first Cell ensures the image before boot and the next Cell stays hot (718.046666ms)
✔ cell-driver.background: satellites do not build the workstation-local Git image (304.798584ms)
✔ cell-driver.background: worker exit without a result becomes a boot failure (76.130959ms)
✔ cell-driver.exit-path: work committed in the live cell captures out; removeCell guards (293.485791ms)
✔ cell-driver.restart-hydration: a fresh driver re-hydrates cells from cell.json (capture + delete work) (297.598958ms)
✔ cell-driver.reserved-only: a cell reserved (seed ledger) but never started removes outright; sessions delegate; typed live-runtime refusal (203.799583ms)
✔ cell-driver.sandboxed: per-cell override ON wraps the spawn in Seatbelt; the turn still works (darwin) (418.168958ms)
✔ cell-driver.workstation-default: sandbox stays OFF without an override (A4) (240.198667ms)
✔ cell-driver.account-home: the bee resolver adds one exact sandbox grant and ignores harness env (106.080375ms)
✔ cell-driver.restart: a successor daemon re-adopts a live cell runtime from the ledger at full capability (574.150334ms)
✔ exec.cwd: relative-only and realpath containment rejects a symlink out of the space (1.684916ms)
✔ exec.cap: incomplete tail is dropped, complete multibyte suffix is kept (0.185875ms)
✔ exec.cap: split multibyte chunks reassemble; malformed replacement stays within 1MiB (13.461959ms)
✔ exec.cap: stdout and stderr share one 1MiB budget (25.337166ms)
✔ exec.spawn: an onSpawned failure terminates and reaps the process (2.795375ms)
✔ exec.spawn: argv spawn errors reject with their cause (0.841834ms)
✔ exec.timeout: SIGTERM-ignoring child is SIGKILL-reaped before resolve (1512.816709ms)
✔ git-image.refresh: publishes one validated pack-only generation without mutating the origin (173.5755ms)
✔ git-image.provision: hot Cell copies the compact image, not origin metadata (176.718375ms)
✔ git-image.provision: fresh config avoids config subprocesses and preserves init semantics (417.242375ms)
✔ git-image.provision: large template config uses Git's writer (159.792625ms)
✔ git-image.provision: Git fallback preserves control paths and replaces template safety keys (176.508125ms)
✔ git-image.provision: symlinked template config retains Git's update behavior (151.791083ms)
✔ git-image.materialize: template multivalue and config lock remain cache misses (226.4835ms)
✔ git-image.provision: preserves absent, same, and rewritten split remotes (468.154042ms)
✔ git-image.provision: the first Cell builds an image in its worker and uses it (149.012166ms)
✔ git-image.refresh: first generation CoW-seeds origin packs and packs only the loose delta (166.257792ms)
✔ git-image.provision: a stale image is incrementally extended before checkout (285.466333ms)
✔ git-image.corruption: malformed publication is rebuilt before Cell placement (213.100167ms)
✔ git-image.policy: an existing image is ignored when the node policy disables local images (123.709875ms)
✔ git-image.lock: a provisioning contender waits for publication, then extends the image (428.907625ms)
✔ git-image.lock: live builder is single-flight and a stale lock is recovered (266.952667ms)
✔ provision-worker: a fresh image hit exits after ready without maintenance Git children (184.226625ms)
✔ provision-worker: a replayed ledger rebuilds a missing image after maintenance starts (365.900917ms)
✔ provision-worker: an incomplete image operation keeps maintenance after replay resumes (355.313542ms)
✔ provision-worker: image failure fallback keeps the deferred retry (298.745417ms)
✔ provision-worker: provisioning errors stay failed and do not enter maintenance (64.879917ms)
✔ provision.cow: CoW path places .git, records copy_mode=cow, hygiene applied (148.035ms)
✔ provision.clone: fallback places a fresh .git, records copy_mode=clone, needs no hygiene (71.685709ms)
✔ provision.layout: wrapper/space/box shape and clean space checkout (62.909167ms)
✔ provision.replay: interrupted provisioning (partial space, no recorded step) replays idempotently (67.046334ms)
✔ provision.replay: mismatched bee/sha refuses instead of clobbering (56.372416ms)
✔ provision.warm: CoW copy-in of listed artifact dirs (A5) (140.812625ms)
✔ provision.warm: no CoW → cold, no fallback copy (the A5 ruling) (57.806875ms)
✔ provision.warm: nothing listed → cold(none_listed), default off (57.322875ms)
✔ provision.reserve: reserveCell writes the seed ledger (origin/sha/warm/sandbox, no operations); provisionCell then provisions against it; the inverse (provisionRequestOf) round-trips; mismatches refuse (56.816916ms)
✔ delete.clean: a pristine cell deletes without force (72.677458ms)
✔ delete.dirty-uncommitted: refuses without force; force deletes (A2) (79.43225ms)
✔ delete.dirty-unpushed: commits the origin never saw refuse; captured work deletes clean (171.470833ms)
✔ delete.origin-gone: unknown origin counts as dirty (refuse without force) (100.090084ms)
✔ delete.shape: refuses anything that is not a -space- shaped cell wrapper (31.940208ms)
✔ delete.half-provisioned: a wrapper whose space has no .git deletes fine (31.581125ms)
✔ sandbox.defaults: workstation OFF, satellite ON, cloud OFF (A4) (0.303708ms)
✔ sandbox.override: per-cell override beats the node-kind default (0.052459ms)
✔ sandbox.profile: Seatbelt profile confines writes to cell + harness paths, allows the rest (23.829833ms)
✔ sandbox.bwrap: argv is read-only root + rw cell/harness binds + net (pure, all platforms) (0.142709ms)
✔ sandbox.account-home: bwrap grants the exact bound home, never its parent or a sibling (1.068042ms)
✔ sandbox.account-home validation rejects relative, missing, root, OS-home, and broad symlink targets (0.983458ms)
✔ sandbox.wrap: platform dispatch (darwin sandbox-exec -f, linux bwrap, other throws) (0.125875ms)
✔ sandbox.seatbelt-real: sandbox-exec confines writes to the cell (darwin) (21.968541ms)
﹣ sandbox.bwrap-real: bwrap confines writes to the cell (linux — metal-3 gate) (0.069375ms) # SKIP
ℹ tests 73
ℹ suites 0
ℹ pass 72
ℹ fail 0
ℹ cancelled 0
ℹ skipped 1
ℹ todo 0
ℹ duration_ms 21980.621208
