✔ model change waits when idle becomes working before command execution (7.538833ms)
✔ model admission folds a delivered turn before refusing without mutation (3.728667ms)
✔ deferred model change does not block other commands and stale generations do not change args (4.3095ms)
✔ model change recovers after executor crash before_effect (4.487875ms)
✔ model change recovers after executor crash after_effect (4.25675ms)
✔ model change resumes after daemon restart between settled stop and observed exit (4.138ms)
✔ model change defers across real HSR input admission before the turn observation is folded (318.844625ms)
✔ unit.0: a tick uses bounded batch reads, independent of bee count, re-read only after a write (6.977334ms)
✔ unit.0a: the empty proof skips full snapshots and returns fresh containers without skipping flag expiry (3.384084ms)
✔ unit.0a-disabled: an I1-disabled empty proof carries null instead of an unused array (2.27075ms)
✔ unit.0b: a revive command refreshes an initially empty snapshot in the same tick (2.849084ms)
✔ unit.0c: an outer rollback and reused audit sequence cannot preserve an uncommitted snapshot (2.541833ms)
✔ unit.0d: I1 sees stopped-runtime and absent-runtime mail (3.872625ms)
✔ unit.0e: task supply refreshes the snapshot before I1 in the same tick (3.271792ms)
✔ unit.0f: fresh final I1 re-ranks the queue after delivery (3.105125ms)
✔ unit.0g: linear I1 metadata matches the full-snapshot oracle exactly (3.879875ms)
✔ unit.0i: same-tick I1 reuse cannot cross an outer rollback and reused audit sequence (2.6545ms)
✔ unit.1: scale-to-zero — idle past the window stops with stopped_by_system; send revives (Q4 + Q3) (3.829292ms)
✔ unit.2: scale-to-zero never stops an idle bee with undelivered mail (3.243084ms)
✔ unit.0h: delivery hydrates bodies only for the selected target (4.007209ms)
✔ unit.time-boundaries: archived boot hang, idle stop, and I1 remain strict (8.009458ms)
✔ unit.3: flag policy — adapter evidence sets flags and contrary evidence clears them (spec 03) (2.884584ms)
✔ unit.4: pid-at-spawn recording — procOf lands on the booting runtime row (WP2 amendment) (2.459917ms)
✔ unit.5: degraded-runtime policy — mail for a re-adopted runtime rotates the generation (4.347625ms)
✔ unit.6: I1 telemetry — a message undelivered past the deadline is recorded exactly once (3.083583ms)
✔ unit.7: I1 telemetry — the clock is suspended while a closed-list flag is active (3.322208ms)
✔ unit.8: continuity (spec 07 §F) — a booted session id is recorded on the bee for the CURRENT generation only; stale/no-bee evidence is skipped (3.599333ms)
✔ budget.5: immediate-exit runtime → bounded revives with backoff, spawn_failed at the budget, no further wakes (5.840167ms)
✔ budget.5auth: pre-init agy auth exits consume the budget and suppress churn (6.135125ms)
✔ budget.5a: prompt-less spawn boot failures still retry to the visible bounded terminal (4.048709ms)
✔ budget.5b: a driver that THROWS from start (cell provisioning failed) is a spawn failure on the B5 table — retried with backoff, spawn_failed at the budget, never a wedged command or a loop error (4.577667ms)
✔ budget.6: an explicit operator revive retries regardless of spawn_failed and clears it on success; the mail then flows (6.422959ms)
✔ budget.7: a runtime that reached running/idle and then crashed is not a spawn failure — revive is immediate and uncounted (5.867ms)
✔ budget.8 (soak regression): readyAtSpawn instant death — the synthetic booted must NOT reset the budget; exactly maxAttempts generations, backoff, spawn_failed, wakes suppressed (6.595375ms)
✔ budget.9 (I1): a message that never reaches a real runtime violates while the loop retries, and the spawn_failed flag is the legal terminal that suspends the clock (4.868541ms)
✔ budget.9b (I1, idle urgency): pre-fix the churn re-based the idle clock forever — post-fix the bee lands flagged (the 'or the bee is flagged' arm) (4.70025ms)
✔ budget.10: real evidence (the late init a readyAtSpawn harness emits) resets the counter — a generation that spoke and then crashed is a normal post-running crash (33.143209ms)
✔ budget.11 (end-to-end repro): a REAL readyAtSpawn process that spawns fine, emits zero output and dies ~60ms later — bounded generations over wall time; fixed harness + operator revive recovers (1103.675ms)
✔ unit.9 (spec 08 swap): a `stop {thenRevive}` command revives the NEXT generation once the runtime is observed stopped — durable, once, and never while a wake is already pending; the account policy hook sees every applied evidence (12.295458ms)
✔ unit.10 (spec 08): the onFlagEvidence hook fires after each applied evidence and a throwing hook never stalls the loop (5.331083ms)
✔ runtime policy: a running turn is never stopped because time elapsed (4.627ms)
✔ recovered completion checkpoints last, preserves output, and unlocks idle mail (4.831209ms)
✔ recovery applies completion followed by a newer turn start in journal order (4.112833ms)
✔ stale-generation recovery observations and cursors cannot touch the current runtime (3.921833ms)
✔ urgency.d1: `idle` is not delivered while the runtime is running — it lands at turn end (4.600084ms)
✔ urgency.d2: `now` mid-turn interrupts exactly once, then delivers at the resulting accept point (4.07325ms)
✔ urgency.d3: `now` to an idle runtime is a plain delivery — no interrupt (3.399292ms)
✔ urgency.d4: ordering — urgency governs WHEN a message is eligible; among eligible, enqueue order wins (3.853583ms)
✔ urgency.d5: `idle` to a stopped bee still revives (revive-on-message unchanged) and delivers once idle (3.847ms)
✔ urgency.d6: I1 telemetry — an `idle` message's deadline clock starts at eligibility (turn end), not enqueue (3.246875ms)
✔ envelope.d1: bee-sent mail is delivered ENVELOPED; operator mail is delivered bare (3.116209ms)
✔ urgency.d6: idle mail DELIVERS to a synthetic-running fresh revive — no generation churn (2026-08-19 budget.11 discovery) (3.415625ms)
✔ obs.synthetic-turn_ended: a readyAtSpawn boot-to-ready edge idles the store without an output fact; evidence stays synthetic (2026-09-02 swap-revive stall) (3.738584ms)
✔ obs.synthetic-turn_ended with mail waiting: the boot-to-ready edge is skipped (mail_pending) — no one-step idle under a turn about to start (3.502875ms)
✔ unit.flag-expiry: a provider-declared reset lifts resource_blocked at the instant — never before, never by silence (2.929541ms)
✔ z01.a: an outer rollback never loses dedup state and a committed clear follows (3.640292ms)
✔ z01.b: a live-runtime hive with zero pending still clears (mail-only probe) (2.890875ms)
✔ z01.c: with I1 disabled an interrupted-then-canceled id is cleared without hydration (2.961209ms)
✔ z01.d: stopped-target pending mail is retained until the bee is deleted (2.556583ms)
✔ z01.e: a permanent >1024 backlog sweeps on growth or cadence only, retaining stopped and absent pending (268.472083ms)
✔ z01.f: the I1-disabled sweep probes tracked ids in bounded chunks, never all pending (12.084042ms)
✔ z01.g: an outer rollback never lets the sweep forget, and the terminal id prunes once committed (67.700708ms)
✔ z01.h: retained now-mail stays deduped across revive and cadence sweeps (12.052791ms)
✔ z01.i: a reentrant onI1Violation step cannot make the outer sweep erase live dedup ids (206.993917ms)
✔ z01.j: huge pending metadata with a tiny tracked set probes O(tracked), never O(pending) (1475.166125ms)
ℹ tests 65
ℹ suites 0
ℹ pass 65
ℹ fail 0
ℹ cancelled 0
ℹ skipped 0
ℹ todo 0
ℹ duration_ms 3833.21575
