✖ cell-move.discovery: scans active pointers, preserves receipt order and rollback (222.800417ms)
ℹ tests 1
ℹ suites 0
ℹ pass 0
ℹ fail 1
ℹ cancelled 0
ℹ skipped 0
ℹ todo 0
ℹ duration_ms 979.825875

✖ failing tests:

test at v2/core/tests/cell-move.test.ts:474:1
✖ cell-move.discovery: scans active pointers, preserves receipt order and rollback (222.800417ms)
  AssertionError [ERR_ASSERTION]: discovery must not walk retained move history:
  SCAN m USING INDEX sqlite_autoindex_bee_moves_1
  SEARCH b USING COVERING INDEX bees_one_active_move (active_move_id=?)
      at TestContext.<anonymous> (file:///Users/trmd/Projects/trmd/honeybee/repos/honeybee-perf-exhaustive-2026-09-07/v2/core/tests/cell-move.test.ts:524:14)
      at Test.runInAsyncScope (node:async_hooks:226:14)
      at Test.run (node:internal/test_runner/test:1201:25)
      at Test.start (node:internal/test_runner/test:1096:17)
      at startSubtestAfterBootstrap (node:internal/test_runner/harness:385:17) {
    generatedMessage: false,
    code: 'ERR_ASSERTION',
    actual: false,
    expected: true,
    operator: '==',
    diff: 'simple'
  }
