✖ a server-side drop re-dials with backoff, re-hellos, and a fresh subscribe resumes exactly (358.477209ms)
ℹ tests 1
ℹ suites 0
ℹ pass 0
ℹ fail 1
ℹ cancelled 0
ℹ skipped 0
ℹ todo 0
ℹ duration_ms 1405.221084

✖ failing tests:

test at .test-dist/tests/hsr-gateway-connect.test.js:497:1
✖ a server-side drop re-dials with backoff, re-hellos, and a fresh subscribe resumes exactly (358.477209ms)
  AssertionError [ERR_ASSERTION]: re-hello advertises the durable high-water at its point-in-time snapshot
      at file:///Users/trmd/Projects/trmd/honeybee/repos/honeybee-perf-control-2026-09-06/.test-dist/tests/hsr-gateway-connect.test.js:517:14
      at async file:///Users/trmd/Projects/trmd/honeybee/repos/honeybee-perf-control-2026-09-06/.test-dist/tests/hsr-gateway-connect.test.js:260:7
      at async withTempStore (file:///Users/trmd/Projects/trmd/honeybee/repos/honeybee-perf-control-2026-09-06/.test-dist/tests/hsr-gateway-connect.test.js:216:12)
      at async withConnectedCell (file:///Users/trmd/Projects/trmd/honeybee/repos/honeybee-perf-control-2026-09-06/.test-dist/tests/hsr-gateway-connect.test.js:243:3)
      at async TestContext.<anonymous> (file:///Users/trmd/Projects/trmd/honeybee/repos/honeybee-perf-control-2026-09-06/.test-dist/tests/hsr-gateway-connect.test.js:499:3)
      at async Test.run (node:internal/test_runner/test:1208:7)
      at async startSubtestAfterBootstrap (node:internal/test_runner/harness:385:3) {
    generatedMessage: false,
    code: 'ERR_ASSERTION',
    actual: false,
    expected: true,
    operator: '==',
    diff: 'simple'
  }
